[theintercept.com/2024/11/27/biden-trump-commutations-death-row-executions/index.html]
[theintercept.com/wp-content/themes/intercept/assets/icons/apple-touch-icon-57x57.png]
[theintercept.com/wp-content/themes/intercept/assets/icons/apple-touch-icon-60x60.png]
[theintercept.com/wp-content/themes/intercept/assets/icons/apple-touch-icon-72x72.png]
[theintercept.com/wp-content/themes/intercept/assets/icons/apple-touch-icon-76x76.png]
[theintercept.com/wp-content/themes/intercept/assets/icons/apple-touch-icon-114x114.png]
[theintercept.com/wp-content/themes/intercept/assets/icons/apple-touch-icon-120x120.png]
[theintercept.com/wp-content/themes/intercept/assets/icons/apple-touch-icon-144x144.png]
[theintercept.com/wp-content/themes/intercept/assets/icons/apple-touch-icon-152x152.png]
[theintercept.com/wp-content/themes/intercept/assets/icons/apple-touch-icon-180x180.png]
[theintercept.com/wp-content/themes/intercept/assets/icons/favicon-32x32.png]
[theintercept.com/wp-content/themes/intercept/assets/icons/android-chrome-192x192.png]
[theintercept.com/wp-content/themes/intercept/assets/icons/favicon-96x96.png]
[theintercept.com/wp-content/themes/intercept/assets/icons/favicon-16x16.png]
[backblue.gif]
[fade.gif]
[index.html]
[theintercept.com/wp-includes/css/dist/block-library/style.min9704.css]
[theintercept.com/wp-includes/js/mediaelement/mediaelementplayer-legacy.min1f61.css]
[theintercept.com/wp-includes/js/mediaelement/wp-mediaelement.min9704.css]
[theintercept.com/wp-content/themes/intercept/css/app1f3a.css]
[theintercept.com/wp-content/uploads/2018/04/Q2A3391-1523551189-180x180.jpg]
[theintercept.com/wp-content/uploads/2024/11/GettyImages-2186002703-e1732716864247cb4f.jpg]
[theintercept.com/wp-content/uploads/2024/11/GettyImages-150612859-e1732722921605bcc0.jpg]
[theintercept.com/wp-content/uploads/2024/11/GettyImages-2148015828-e1732730948321bcc0.jpg]
[theintercept.com/wp-content/uploads/2024/11/GettyImages-2186002703-e1732716864247bcc0.jpg]
[theintercept.com/wp-content/uploads/2024/11/AP20325064597563b9c7.jpg]
[theintercept.com/wp-content/uploads/2018/04/Q2A3391-1523551189-120x120.jpg]
[theintercept.com/wp-content/uploads/2024/08/GettyImages-2167973265-e1724438122137.jpg]
[theintercept.com/wp-content/uploads/2024/06/AP20241695914369-square-crop-e1719066557326.jpg]
[theintercept.com/wp-content/uploads/2024/06/Project-2025-Death-Penalty-Trigger-Laws-copy-e1718902891431.jpg]
[theintercept.com/wp-content/uploads/2024/04/RTS3JSYS-crop.jpg]
[theintercept.com/wp-content/uploads/2024/11/GettyImages-2148015828-e1732730948321a208.jpg]
[theintercept.com/wp-content/uploads/2024/11/GettyImages-150612859-e173272292160573b9.jpg]
[theintercept.com/wp-content/uploads/2024/11/The-Intercept-Briefing_CampusProtests-21cef.jpg]
[theintercept.com/wp-includes/js/dist/hooks.min4fdd.js]
[theintercept.com/wp-includes/js/dist/i18n.minc33c.js]
[theintercept.com/wp-content/client-mu-plugins/wp-parsely/build/loaderd9b5.js]
[cdn.parsely.com/keys/theintercept.com/p6e14.js]
[theintercept.com/wp-content/themes/intercept/js/app46d2.js]
[theintercept.com/2024/11/27/biden-trump-commutations-death-row-executions/index.html]
[theintercept.com/wp-includes/css/dist/block-library/style.min9704.css]
[stats.wp.com/e-202448.js]
[theintercept.com/wp-includes/js/mediaelement/mediaelementplayer-legacy.min1f61.css]
[theintercept.com/wp-includes/js/mediaelement/wp-mediaelement.min9704.css]
[theintercept.com/wp-content/themes/intercept/blocks/category-showcase/category-showcase9704.css]
[theintercept.com/wp-content/themes/intercept/blocks/podcast-showcase/podcast-showcase9704.css]
[theintercept.com/wp-content/themes/intercept/blocks/top-stories/top-stories9704.css]
[theintercept.com/wp-content/mu-plugins/search/elasticpress/dist/css/related-posts-block-styles.min3a05.css]
[theintercept.com/wp-includes/js/mediaelement/mejs-controls.svg]
[theintercept.com/wp-content/themes/intercept/assets/dropcaps/us-flag-one.jpg]
[theintercept.com/wp-content/themes/intercept/assets/dropcaps/us-flag-two.jpg]
[theintercept.com/wp-content/themes/intercept/assets/dropcaps/us-flag-three.jpg]
[theintercept.com/wp-content/themes/intercept/assets/dropcaps/us-flag-four.jpg]
[theintercept.com/wp-content/themes/intercept/assets/dropcaps/us-flag-five.jpg]
[theintercept.com/wp-content/themes/intercept/assets/microsites/impact-report/2023/annie-chabel-signature.jpg]
[theintercept.com/wp-content/themes/intercept/css/app1f3a.css]
[www.googletagmanager.com/gtm5445.html]
[theintercept.com/wp-includes/js/mediaelement/mejs-controls.svg]
